[www.fbadsformula.co/launch-page-1.html]
[www.fbadsformula.co/hosted/images/16/30d9f0759411e8b30b83b8b7d045fc/city_dark.jpg]
[backblue.gif]
[fade.gif]
[index.html]
[www.fbadsformula.co/assets/lander.css]
[use.fontawesome.com/releases/v5.9.0/css/all.css]
[use.fontawesome.com/releases/v5.9.0/css/v4-shims.css]
[www.fbadsformula.co/assets/userevents/application.js]
[connect.facebook.net/en_US/fbevents.js]
[www.fbadsformula.co/hosted/images/f8/046f70639411e8b4077d2e81638dab/MotherFunnelSecrets_Ww.png]
[www.fbadsformula.co/hosted/images/a7/09d130c7fa11e89df2d7e5a3989ffe/glossy-close.png]
[www.fbadsformula.co/hosted/images/f6/0f1ed3fb6244b38466d95a0ff7480d/logo.png]
[www.fbadsformula.co/hosted/images/44/13ebc98d08441ebbc1ed8ce2e78f07/download-17-.png]
[www.fbadsformula.co/hosted/images/c3/685f0a886d477386f90fde3fcd4d93/download-15-.png]
[www.fbadsformula.co/hosted/images/a5/4f0db6fac143a4b115e1b2d54c3e6c/Untitled-design-1-.png]
[www.fbadsformula.co/hosted/images/2d/fdae71f8e44c50ad5f067865e4be34/download-25-.png]
[www.fbadsformula.co/hosted/images/6f/a30905f8af4b6aa2e3a8b8a58ace73/Webinar-Funnel-1-.png]
[www.fbadsformula.co/hosted/images/8f/c82cce03794c5ebefdf0705900d381/download-27-.png]
[www.fbadsformula.co/hosted/images/27/3c197b8ba74e3fab90341dabf979dc/ezgif.com-gif-maker.gif]
[www.fbadsformula.co/hosted/images/c2/a8618f2c0441a88db09d6be7d1f0fb/download__29_-removebg-preview.png]
[www.fbadsformula.co/hosted/images/31/8a496348e44570b4d724f21e823478/50343460_2488268407914538_8758278635485396992_o.jpg]
[www.fbadsformula.co/hosted/images/76/3309c8204846cda9cc712a4f8da20d/70952205_2576980812529635_3466664947247742976_o.jpg]
[www.fbadsformula.co/hosted/images/46/a0c772b07949c4b448bd139dac34ce/Untitled_design__3_-removebg-preview-2-.png]
[www.fbadsformula.co/hosted/images/6f/da8e66cfd9426a875eef4f7b3ad628/Awareness-States-1-1.png]
[www.fbadsformula.co/hosted/images/b0/29dbdea9774940949fb5a66a6f7d87/FREE-FUNNELS.png]
[www.fbadsformula.co/hosted/images/b0/0418e5564c4dd78e79f45304e8a1a0/Untitled-design-4-.png]
[www.fbadsformula.co/hosted/images/1c/1dd90c274c47ebb2b6531114553307/Untitled-design-5-.png]
[www.fbadsformula.co/hosted/images/38/29c4c9dfb34ff99a5d7056349ca638/Presentation1-removebg-preview.png]
[www.fbadsformula.co/hosted/images/8d/28731bf45e4bcb8e82ff65205f0d97/Untitled-presentation-1-.png]
[www.fbadsformula.co/assets/lander.js]
[connect.facebook.net/en_US/sdk.js]
[www.fbadsformula.co/hosted/images/3d/392630953c4119a324492bb1c05778/ClickfunnelsTag.png]
[www.fbadsformula.co/images/background.png]
[www.fbadsformula.co/vendor.js]
[app.clickfunnels.com/mailcheck.min.js]
[app.clickfunnels.com/assets/pushcrew.js]
[www.fbadsformula.co/launch-page-1.html]
[www.fbadsformula.co/fonts/glyphicons-halflings-regular.eot]
[www.fbadsformula.co/fonts/glyphicons-halflings-regulard41d.eot]
[www.fbadsformula.co/fonts/glyphicons-halflings-regular.woff]
[www.fbadsformula.co/fonts/glyphicons-halflings-regular.svg]
[www.fbadsformula.co/fonts/glyphicons-halflings-regular.ttf]
[www.fbadsformula.co/images/videoplaceholderbg.png]
[www.fbadsformula.co/images/green_check_big.png]
[www.fbadsformula.co/images/green_check_small.png]
[www.fbadsformula.co/images/red_cross_big.png]
[www.fbadsformula.co/images/red_cross_small.png]
[www.fbadsformula.co/images/green_dot_big.png]
[www.fbadsformula.co/images/green_dot_small.png]
[www.fbadsformula.co/images/red_dot_big.png]
[www.fbadsformula.co/images/red_dot_small.png]
[www.fbadsformula.co/images/img_bullet.png]
[images.clickfunnels.com/11/a994c0076011e68a7a9d34efe8eba6/div-slanted.png]
[www.fbadsformula.co/images/icon-calendar-t1.svg]
[www.fbadsformula.co/images/1441849090_Map-Marker-Flag--Right-Azure.png]
[www.fbadsformula.co/images/1441848773_Map-Marker-Flag--Right-Chartreuse.png]
[www.fbadsformula.co/images/email.png]
[www.fbadsformula.co/images/name.png]
[www.fbadsformula.co/images/phone.png]
[www.fbadsformula.co/images/address.png]
[www.fbadsformula.co/images/email2.png]
[www.fbadsformula.co/images/name2.png]
[www.fbadsformula.co/images/phone2.png]
[www.fbadsformula.co/images/address2.png]
[www.fbadsformula.co/images/email3.png]
[www.fbadsformula.co/images/name3.png]
[www.fbadsformula.co/images/phone3.png]
[www.fbadsformula.co/images/address3.png]
[www.fbadsformula.co/assets/editor/cf-editor-dropdown-4182a839922e40b7da576cba5169cd7ec5532005c7ebdb98a488a9b0cace665e.svg]
[www.fbadsformula.co/fonts/vjs.eot]
[www.fbadsformula.co/fonts/vjsd41d.eot]
[www.fbadsformula.co/fonts/vjs.woff]
[www.fbadsformula.co/fonts/vjs.ttf]
[www.fbadsformula.co/assets/lander.css]
[use.fontawesome.com/releases/v5.9.0/css/all.css]
[use.fontawesome.com/releases/v5.9.0/css/v4-shims.css]
[www.fbadsformula.co/assets/userevents/application.js]
[connect.facebook.net/en_US/fbevents.js]
[player.vimeo.com/api/player.js]
[www.fbadsformula.co/;path=/index.html]
[www.fbadsformula.co/mediaelement-flash-video.html]
[fast.wistia.net/assets/external/E-v1.js]
[js.recurly.com/v3/recurly.js]
[cdnjs.cloudflare.com/ajax/libs/flv.js/1.3.2/flv.min.js]
[cdnjs.cloudflare.com/ajax/libs/hls.js/0.7.11/hls.min.js]
[www.fbadsformula.co/Firebase.onDisconnect().html]
[www.fbadsformula.co/assets/lander.js]
[connect.facebook.net/en_US/sdk.js]
[app.clickfunnels.com/mailcheck.min.js]
[app.clickfunnels.com/assets/pushcrew.js]
[www.fbadsformula.co/Firebase.html]
[www.fbadsformula.co/fonts/glyphicons-halflings-regular.svg]
[www.fbadsformula.co/images/icon-calendar-t1.svg]
[www.fbadsformula.co/assets/editor/cf-editor-dropdown-4182a839922e40b7da576cba5169cd7ec5532005c7ebdb98a488a9b0cace665e.svg]
[images.clickfunnels.com/old-public-templates/master-cf-template/css/master-cf.css]
[www.fbadsformula.co/images/logo-cf-large.png]
[www.fbadsformula.co/assets//fonts/vjs.svg]
[www.fbadsformula.co/;path=/index.html]
[www.fbadsformula.co/index.html]
[www.fbadsformula.co/mediaelement-flash-video.html]
[www.fbadsformula.co/Fennec/index.html]
[www.fbadsformula.co/Firefox/index.html]
[www.fbadsformula.co/Firebase.onDisconnect().html]
[www.fbadsformula.co/Firebase.html]
[static.cloudflareinsights.com/beacon.min.js]
[images.clickfunnels.com/old-public-templates/master-cf-template/images/email-input-1.png]
[images.clickfunnels.com/old-public-templates/master-cf-template/images/name-input-1.png]
[images.clickfunnels.com/old-public-templates/master-cf-template/images/email-input-2.png]
[images.clickfunnels.com/old-public-templates/master-cf-template/images/name-input-2.png]
[images.clickfunnels.com/old-public-templates/master-cf-template/images/icon-calendar.png]
[images.clickfunnels.com/old-public-templates/master-cf-template/images/icon-clock.png]
[images.clickfunnels.com/old-public-templates/master-cf-template/images/icon-sms.png]
[images.clickfunnels.com/old-public-templates/master-cf-template/css/master-cf.css]
